I'm sorry, but errors were detected in your script. Please correct the
errors listed below, and try again.


File "game/script.rpy", line 17: expected statement.
    renpy.pause(5)
                  ^

Ren'Py Version: Ren'Py 8.1.3.23091805
Thu Nov  9 21:08:29 2023
